<html>
<body>
<pre>
<h1>µVision Build Log</h1>
<h2>Tool Versions:</h2>
IDE-Version: ¦ÌVision V5.14.0.0
Copyright (C) 2015 ARM Ltd and ARM Germany GmbH. All rights reserved.
License Information: fdsa Microsoft, Microsoft, LIC=8MZLQ-NNPMX-175RR-K52AR-IDFAH-MVK86
 
Tool Versions:
Toolchain:       MDK-ARM Professional  Version: 5.14.0.0
Toolchain Path:  C:\Keil_v5\ARM\ARMCC\Bin
C Compiler:      Armcc.exe V5.05 update 1 (build 106)
Assembler:       Armasm.exe V5.05 update 1 (build 106)
Linker/Locator:  ArmLink.exe V5.05 update 1 (build 106)
Library Manager: ArmAr.exe V5.05 update 1 (build 106)
Hex Converter:   FromElf.exe V5.05 update 1 (build 106)
CPU DLL:         SARMCM3.DLL V5.14.0.0
Dialog DLL:      DCM.DLL V1.13.1.0
Target DLL:      Segger\JL2CM3.dll V2.99.13.0
Dialog DLL:      TCM.DLL V1.14.4.0
 
<h2>Project:</h2>
D:\ripple\keiluVision_workspace\CAT1_GNSS_IOT\MDK-ARM\CAT1_GNSS_IOT.uvprojx
Project File Date:  11/13/2017

<h2>Output:</h2>
Build target 'CAT1_GNSS_IOT'
compiling spi.c...
compiling en25qxx.c...
..\Src\en25qxx.c(31): warning:  #188-D: enumerated type mixed with another type
        EN25QXX_CS(0);                          
..\Src\en25qxx.c(32): warning:  #223-D: function "SPI1_ReadWriteByte" declared implicitly
        SPI1_ReadWriteByte(W25X_ReadStatusReg);    
..\Src\en25qxx.c(34): warning:  #188-D: enumerated type mixed with another type
        EN25QXX_CS(1);
..\Src\en25qxx.c(41): warning:  #188-D: enumerated type mixed with another type
        EN25QXX_CS(0);                           
..\Src\en25qxx.c(42): warning:  #223-D: function "SPI1_ReadWriteByte" declared implicitly
        SPI1_ReadWriteByte(W25X_WriteStatusReg);   
..\Src\en25qxx.c(44): warning:  #188-D: enumerated type mixed with another type
        EN25QXX_CS(1);
..\Src\en25qxx.c(50): warning:  #188-D: enumerated type mixed with another type
        EN25QXX_CS(0);  
..\Src\en25qxx.c(51): warning:  #223-D: function "SPI1_ReadWriteByte" declared implicitly
      SPI1_ReadWriteByte(W25X_WriteEnable);   
..\Src\en25qxx.c(52): warning:  #188-D: enumerated type mixed with another type
        EN25QXX_CS(1); 
..\Src\en25qxx.c(58): warning:  #188-D: enumerated type mixed with another type
        EN25QXX_CS(0);                         
..\Src\en25qxx.c(59): warning:  #223-D: function "SPI1_ReadWriteByte" declared implicitly
      SPI1_ReadWriteByte(W25X_WriteDisable);     
..\Src\en25qxx.c(60): warning:  #188-D: enumerated type mixed with another type
        EN25QXX_CS(1);                          
..\Src\en25qxx.c(68): warning:  #223-D: function "SPI1_ReadWriteByte" declared implicitly
        SPI1_ReadWriteByte(0x90);    
..\Src\en25qxx.c(85): warning:  #188-D: enumerated type mixed with another type
        EN25QXX_CS(0);                           
..\Src\en25qxx.c(86): warning:  #223-D: function "SPI1_ReadWriteByte" declared implicitly
      SPI1_ReadWriteByte(W25X_ReadData);        
..\Src\en25qxx.c(94): warning:  #188-D: enumerated type mixed with another type
        EN25QXX_CS(1);                                                
..\Src\en25qxx.c(103): warning:  #188-D: enumerated type mixed with another type
        EN25QXX_CS(0);                           
..\Src\en25qxx.c(104): warning:  #223-D: function "SPI1_ReadWriteByte" declared implicitly
      SPI1_ReadWriteByte(W25X_PageProgram);     
..\Src\en25qxx.c(109): warning:  #188-D: enumerated type mixed with another type
        EN25QXX_CS(1);                         
..\Src\en25qxx.c(190): warning:  #188-D: enumerated type mixed with another type
        EN25QXX_CS(0);                           
..\Src\en25qxx.c(191): warning:  #223-D: function "SPI1_ReadWriteByte" declared implicitly
      SPI1_ReadWriteByte(W25X_ChipErase);       
..\Src\en25qxx.c(192): warning:  #188-D: enumerated type mixed with another type
        EN25QXX_CS(1);                           
..\Src\en25qxx.c(202): warning:  #188-D: enumerated type mixed with another type
        EN25QXX_CS(0);                         
..\Src\en25qxx.c(203): warning:  #223-D: function "SPI1_ReadWriteByte" declared implicitly
      SPI1_ReadWriteByte(W25X_SectorErase);     
..\Src\en25qxx.c(207): warning:  #188-D: enumerated type mixed with another type
        EN25QXX_CS(1);                        
..\Src\en25qxx.c(220): warning:  #188-D: enumerated type mixed with another type
        EN25QXX_CS(0);                           
..\Src\en25qxx.c(221): warning:  #223-D: function "SPI1_ReadWriteByte" declared implicitly
      SPI1_ReadWriteByte(W25X_PowerDown);       
..\Src\en25qxx.c(222): warning:  #188-D: enumerated type mixed with another type
        EN25QXX_CS(1);                                 
..\Src\en25qxx.c(228): warning:  #188-D: enumerated type mixed with another type
        EN25QXX_CS(0);                          
..\Src\en25qxx.c(229): warning:  #223-D: function "SPI1_ReadWriteByte" declared implicitly
      SPI1_ReadWriteByte(W25X_ReleasePowerDown);  
..\Src\en25qxx.c(230): warning:  #188-D: enumerated type mixed with another type
        EN25QXX_CS(1);                         
..\Src\en25qxx.c: 31 warnings, 0 errors
linking...
Program Size: Code=7792 RO-data=464 RW-data=20 ZI-data=5276  
"CAT1_GNSS_IOT\CAT1_GNSS_IOT.axf" - 0 Error(s), 31 Warning(s).

<h2>Software Packages used:</h2>

Package Vendor: ARM
                http://www.keil.com/pack/ARM.CMSIS.4.2.0.pack
                ARM::CMSIS:CORE:3.40.0
                CMSIS (Cortex Microcontroller Software Interface Standard)
   * Component: CORE Version: 3.40.0

<h2>Collection of Component include folders:</h2>
  D:\ripple\keiluVision_workspace\CAT1_GNSS_IOT\MDK-ARM\RTE
  C:\Keil_v5\ARM\PACK\ARM\CMSIS\4.2.0\CMSIS\Include
  C:\Keil_v5\ARM\PACK\Keil\STM32F4xx_DFP\2.11.0

<h2>Collection of Component Files used:</h2>

   * Component: ARM::CMSIS:CORE:3.40.0
      Source file:   CMSIS\UserCodeTemplates\ARM\ITM_Retarget.c
</pre>
</body>
</html>
